// Jest Snapshot v1, https://goo.gl/fbAQLP

exports[`Match User Repo List Snapshot 1`] = `
<div
  className="sc-eCApnc nExWQ"
  data-testid="repo-lists"
>
  <div
    className="sc-dlnjwi ilWMHm"
    data-testid="card"
  >
    <h1
      className="sc-bdnxRM fxAJjl"
      data-testid="heading-1"
    >
      AbsensiApp
    </h1>
    <ul>
      <li>
        <h1
          className="sc-gtsrHT fOnSCr"
          data-testid="sub-heading"
        >
          fadlimuharram
        </h1>
      </li>
      <li>
        <h1
          className="sc-gtsrHT fOnSCr"
          data-testid="sub-heading"
        >
          Java
        </h1>
      </li>
      <li>
        <h1
          className="sc-gtsrHT fOnSCr"
          data-testid="sub-heading"
        >
          master
        </h1>
      </li>
      <li>
        <a
          href="https://github.com/fadlimuharram/AbsensiApp"
          target="__blank"
        >
          <h1
            className="sc-gtsrHT fOnSCr"
            data-testid="sub-heading"
          >
            Link
          </h1>
        </a>
      </li>
    </ul>
  </div>
  <div
    className="sc-dlnjwi ilWMHm"
    data-testid="card"
  >
    <h1
      className="sc-bdnxRM fxAJjl"
      data-testid="heading-1"
    >
      absensiReact
    </h1>
    <ul>
      <li>
        <h1
          className="sc-gtsrHT fOnSCr"
          data-testid="sub-heading"
        >
          fadlimuharram
        </h1>
      </li>
      <li>
        <h1
          className="sc-gtsrHT fOnSCr"
          data-testid="sub-heading"
        >
          JavaScript
        </h1>
      </li>
      <li>
        <h1
          className="sc-gtsrHT fOnSCr"
          data-testid="sub-heading"
        >
          master
        </h1>
      </li>
      <li>
        <a
          href="https://github.com/fadlimuharram/absensiReact"
          target="__blank"
        >
          <h1
            className="sc-gtsrHT fOnSCr"
            data-testid="sub-heading"
          >
            Link
          </h1>
        </a>
      </li>
    </ul>
  </div>
</div>
`;
